// Jest Snapshot v1, https://goo.gl/fbAQLP

exports[`AddChannel renders appropriately 1`] = `
<input
  onKeyUp={[Function]}
  placeholder="New channel"
  type="text"
/>
`;
