// Jest Snapshot v1, https://goo.gl/fbAQLP

exports[`ChannelsListWithData renders appropriately 1`] = `
<p>
  Loading ...
</p>
`;
