// Jest Snapshot v1, https://goo.gl/fbAQLP

exports[`ChannelDetails renders appropriately 1`] = `
<p>
  Loading ...
</p>
`;
