// Jest Snapshot v1, https://goo.gl/fbAQLP

exports[`NotFound renders appropriately 1`] = `
<div
  className="NotFound"
>
  404 Not Found
</div>
`;
